// Jest Snapshot v1, https://goo.gl/fbAQLP

exports[`ComicList will render comic list correctly 1`] = `
<ul
  className="MuiList-root-2 MuiList-padding-3 ComicList-root-1"
/>
`;

exports[`ComicList will render comic list correctly in loading state 1`] = `
<div
  className="MuiLinearProgress-root-6 MuiLinearProgress-colorSecondary-8 MuiLinearProgress-query-12"
  role="progressbar"
>
  <div
    className="MuiLinearProgress-bar-16 MuiLinearProgress-barColorSecondary-18 MuiLinearProgress-bar1Indeterminate-19"
    style={Object {}}
  />
  <div
    className="MuiLinearProgress-bar-16 MuiLinearProgress-barColorSecondary-18 MuiLinearProgress-bar2Indeterminate-22"
    style={Object {}}
  />
</div>
`;
