// Jest Snapshot v1, https://goo.gl/fbAQLP

exports[`ComicListItem will render comic item correctly 1`] = `
<li
  className="MuiListItem-root-11 MuiListItem-default-14 MuiListItem-gutters-19 ComicListItem-root-1"
  disabled={false}
>
  <div
    className="MuiPaper-root-24 MuiPaper-elevation1-27 MuiPaper-rounded-25 MuiCard-root-23 ComicListItem-card-2"
  >
    <div
      className="MuiCardMedia-root-51 ComicListItem-cover-7"
      style={
        Object {
          "backgroundImage": "url(\\"coverDataUrl\\")",
        }
      }
      title="name"
    />
    <div
      className="ComicListItem-details-5"
    >
      <div
        className="MuiCardContent-root-53 ComicListItem-content-6"
      >
        <h2
          className="MuiTypography-root-54 MuiTypography-h2-67 MuiTypography-noWrap-80 ComicListItem-title-3"
        >
          name
        </h2>
        <h6
          className="MuiTypography-root-54 MuiTypography-subtitle2-73 MuiTypography-colorTextSecondary-87 ComicListItem-metadata-4"
        >
          最新: 
          lastUpdatedChapter
           (
          2019/01/16
          )
        </h6>
        <h6
          className="MuiTypography-root-54 MuiTypography-subtitle2-73"
        >
          summary
          ...
        </h6>
      </div>
      <div
        className="MuiCardActions-root-90 ComicListItem-actions-9"
      >
        <button
          className="MuiButtonBase-root-119 MuiButton-root-93 MuiButton-text-95 MuiButton-flat-98 MuiButton-sizeSmall-116 MuiCardActions-action-92"
          disabled={false}
          onBlur={[Function]}
          onClick={[Function]}
          onContextMenu={[Function]}
          onFocus={[Function]}
          onKeyDown={[Function]}
          onKeyUp={[Function]}
          onMouseDown={[Function]}
          onMouseLeave={[Function]}
          onMouseUp={[Function]}
          onTouchEnd={[Function]}
          onTouchMove={[Function]}
          onTouchStart={[Function]}
          tabIndex="0"
          type="button"
        >
          <span
            className="MuiButton-label-94"
          >
            <svg
              aria-hidden="true"
              className="MuiSvgIcon-root-122 ComicListItem-collectionsIcon-10"
              focusable="false"
              role="presentation"
              viewBox="0 0 24 24"
            >
              <path
                d="M0 0h24v24H0z"
                fill="none"
              />
              <path
                d="M22 16V4c0-1.1-.9-2-2-2H8c-1.1 0-2 .9-2 2v12c0 1.1.9 2 2 2h12c1.1 0 2-.9 2-2zm-11-4l2.03 2.71L16 11l4 5H8l3-4zM2 6v14c0 1.1.9 2 2 2h14v-2H4V6H2z"
              />
            </svg>
            <span
              className="MuiTypography-root-54 MuiTypography-button-65"
            >
              收藏
            </span>
          </span>
          <span
            className="MuiTouchRipple-root-131"
          />
        </button>
      </div>
    </div>
  </div>
</li>
`;
