// Jest Snapshot v1, https://goo.gl/fbAQLP

exports[`ComicListItem will render comic item correctly 1`] = `
<li
  className="MuiListItem-root-12 MuiListItem-default-15 MuiListItem-gutters-20 ComicListItem-root-1"
  disabled={false}
>
  <div
    className="MuiPaper-root-25 MuiPaper-elevation1-28 MuiPaper-rounded-26 MuiCard-root-24 ComicListItem-card-2"
  >
    <div
      className="MuiCardMedia-root-52 ComicListItem-cover-7"
      style={
        Object {
          "backgroundImage": "url(\\"coverDataUrl\\")",
        }
      }
      title="name"
    />
    <div
      className="ComicListItem-details-5"
    >
      <div
        className="MuiCardContent-root-54 ComicListItem-content-6"
      >
        <h2
          className="MuiTypography-root-55 MuiTypography-h2-68 MuiTypography-noWrap-81 ComicListItem-title-3"
        >
          name
        </h2>
        <h6
          className="MuiTypography-root-55 MuiTypography-subtitle2-74 MuiTypography-colorTextSecondary-88 ComicListItem-metadata-4"
        >
          最新: 
          lastUpdatedChapter
           (
          2019/01/16
          )
        </h6>
        <h6
          className="MuiTypography-root-55 MuiTypography-subtitle2-74"
        >
          summary
          ...
        </h6>
      </div>
      <div
        className="MuiCardActions-root-91 ComicListItem-actions-9"
      >
        <button
          className="MuiButtonBase-root-120 MuiButton-root-94 MuiButton-text-96 MuiButton-flat-99 MuiButton-sizeSmall-117 MuiCardActions-action-93"
          disabled={false}
          onBlur={[Function]}
          onClick={[Function]}
          onContextMenu={[Function]}
          onFocus={[Function]}
          onKeyDown={[Function]}
          onKeyUp={[Function]}
          onMouseDown={[Function]}
          onMouseLeave={[Function]}
          onMouseUp={[Function]}
          onTouchEnd={[Function]}
          onTouchMove={[Function]}
          onTouchStart={[Function]}
          tabIndex="0"
          type="button"
        >
          <span
            className="MuiButton-label-95"
          >
            <svg
              aria-hidden="true"
              className="MuiSvgIcon-root-123 ComicListItem-openInBrowserIcon-10"
              focusable="false"
              role="presentation"
              viewBox="0 0 24 24"
            >
              <path
                d="M0 0h24v24H0z"
                fill="none"
              />
              <path
                d="M19 4H5c-1.11 0-2 .9-2 2v12c0 1.1.89 2 2 2h4v-2H5V8h14v10h-4v2h4c1.1 0 2-.9 2-2V6c0-1.1-.89-2-2-2zm-7 6l-4 4h3v6h2v-6h3l-4-4z"
              />
            </svg>
            <span
              className="MuiTypography-root-55 MuiTypography-button-66"
            >
              試看
            </span>
          </span>
          <span
            className="MuiTouchRipple-root-132"
          />
        </button>
        <button
          className="MuiButtonBase-root-120 MuiButton-root-94 MuiButton-text-96 MuiButton-flat-99 MuiButton-sizeSmall-117 MuiCardActions-action-93"
          disabled={false}
          onBlur={[Function]}
          onClick={[Function]}
          onContextMenu={[Function]}
          onFocus={[Function]}
          onKeyDown={[Function]}
          onKeyUp={[Function]}
          onMouseDown={[Function]}
          onMouseLeave={[Function]}
          onMouseUp={[Function]}
          onTouchEnd={[Function]}
          onTouchMove={[Function]}
          onTouchStart={[Function]}
          tabIndex="0"
          type="button"
        >
          <span
            className="MuiButton-label-95"
          >
            <svg
              aria-hidden="true"
              className="MuiSvgIcon-root-123 ComicListItem-collectionsIcon-11"
              focusable="false"
              role="presentation"
              viewBox="0 0 24 24"
            >
              <path
                d="M0 0h24v24H0z"
                fill="none"
              />
              <path
                d="M22 16V4c0-1.1-.9-2-2-2H8c-1.1 0-2 .9-2 2v12c0 1.1.9 2 2 2h12c1.1 0 2-.9 2-2zm-11-4l2.03 2.71L16 11l4 5H8l3-4zM2 6v14c0 1.1.9 2 2 2h14v-2H4V6H2z"
              />
            </svg>
            <span
              className="MuiTypography-root-55 MuiTypography-button-66"
            >
              收藏
            </span>
          </span>
          <span
            className="MuiTouchRipple-root-132"
          />
        </button>
      </div>
    </div>
  </div>
</li>
`;
