// Jest Snapshot v1, https://goo.gl/fbAQLP

exports[`DownloadTaskListItem will render download task correctly 1`] = `
<li
  className="MuiListItem-root-3 MuiListItem-default-6 MuiListItem-dense-7 MuiListItem-gutters-10 DownloadTaskListItem-root-1"
  disabled={false}
>
  <div
    className="MuiAvatar-root-16 MuiAvatar-colorDefault-17"
  >
    <img
      src="coverDataUrl"
    />
  </div>
  <div
    className="MuiListItemText-root-19"
  >
    <span
      className="MuiTypography-root-25 MuiTypography-subheading-32 MuiListItemText-primary-22"
    >
      name
    </span>
  </div>
</li>
`;
